[    0.000000] Linux version 4.15.0-74-generic (buildd@lcy01-amd64-022) (gcc version 7.4.0 (Ubuntu 7.4.0-1ubuntu1~18.04.1)) #84-Ubuntu SMP Thu Dec 19 08:06:28 UTC 2019 (Ubuntu 4.15.0-74.84-generic 4.15.18)
[    0.000000] Command line: BOOT_IMAGE=/boot/vmlinuz-4.15.0-74-generic root=LABEL=cloudimg-rootfs ro console=tty1 console=ttyS0
[    0.000000] KERNEL supported cpus:
[    0.000000]   Intel GenuineIntel
[    0.000000]   AMD AuthenticAMD
[    0.000000]   Centaur CentaurHauls
[    0.000000] x86/fpu: Supporting XSAVE feature 0x001: 'x87 floating point registers'
[    0.000000] x86/fpu: Supporting XSAVE feature 0x002: 'SSE registers'
[    0.000000] x86/fpu: Supporting XSAVE feature 0x004: 'AVX registers'
[    0.000000] x86/fpu: xstate_offset[2]:  576, xstate_sizes[2]:  256
[    0.000000] x86/fpu: Enabled xstate features 0x7, context size is 832 bytes, using 'standard' format.
[    0.000000] e820: BIOS-provided physical RAM map:
[    0.000000] BIOS-e820: [mem 0x0000000000000000-0x000000000009fbff] usable
[    0.000000] BIOS-e820: [mem 0x000000000009fc00-0x000000000009ffff] reserved
[    0.000000] BIOS-e820: [mem 0x00000000000f0000-0x00000000000fffff] reserved
[    0.000000] BIOS-e820: [mem 0x0000000000100000-0x000000001ffeffff] usable
[    0.000000] BIOS-e820: [mem 0x000000001fff0000-0x000000001fffffff] ACPI data
[    0.000000] BIOS-e820: [mem 0x00000000fec00000-0x00000000fec00fff] reserved
[    0.000000] BIOS-e820: [mem 0x00000000fee00000-0x00000000fee00fff] reserved
[    0.000000] BIOS-e820: [mem 0x00000000fffc0000-0x00000000ffffffff] reserved
[    0.000000] NX (Execute Disable) protection: active
[    0.000000] SMBIOS 2.5 present.
[    0.000000] DMI: innotek GmbH VirtualBox/VirtualBox, BIOS VirtualBox 12/01/2006
[    0.000000] Hypervisor detected: KVM
[    0.000000] e820: last_pfn = 0x1fff0 max_arch_pfn = 0x400000000
[    0.000000] MTRR: Disabled
[    0.000000] x86/PAT: MTRRs disabled, skipping PAT initialization too.
[    0.000000] CPU MTRRs all blank - virtualized system.
[    0.000000] x86/PAT: Configuration [0-7]: WB  WT  UC- UC  WB  WT  UC- UC  
[    0.000000] found SMP MP-table at [mem 0x0009fff0-0x0009ffff]
[    0.000000] Scanning 1 areas for low memory corruption
[    0.000000] RAMDISK: [mem 0x1dc3a000-0x1eefbfff]
[    0.000000] ACPI: Early table checksum verification disabled
[    0.000000] ACPI: RSDP 0x00000000000E0000 000024 (v02 VBOX  )
[    0.000000] ACPI: XSDT 0x000000001FFF0030 00003C (v01 VBOX   VBOXXSDT 00000001 ASL  00000061)
[    0.000000] ACPI: FACP 0x000000001FFF00F0 0000F4 (v04 VBOX   VBOXFACP 00000001 ASL  00000061)
[    0.000000] ACPI: DSDT 0x000000001FFF0470 0022EA (v02 VBOX   VBOXBIOS 00000002 INTL 20160108)
[    0.000000] ACPI: FACS 0x000000001FFF0200 000040
[    0.000000] ACPI: FACS 0x000000001FFF0200 000040
[    0.000000] ACPI: APIC 0x000000001FFF0240 000054 (v02 VBOX   VBOXAPIC 00000001 ASL  00000061)
[    0.000000] ACPI: SSDT 0x000000001FFF02A0 0001CC (v01 VBOX   VBOXCPUT 00000002 INTL 20160108)
[    0.000000] No NUMA configuration found
[    0.000000] Faking a node at [mem 0x0000000000000000-0x000000001ffeffff]
[    0.000000] NODE_DATA(0) allocated [mem 0x1ffc5000-0x1ffeffff]
[    0.000000] kvm-clock: cpu 0, msr 0:1ff44001, primary cpu clock
[    0.000000] kvm-clock: Using msrs 4b564d01 and 4b564d00
[    0.000000] kvm-clock: using sched offset of 5172000120 cycles
[    0.000000] clocksource: kvm-clock: mask: 0xffffffffffffffff max_cycles: 0x1cd42e4dffb, max_idle_ns: 881590591483 ns
[    0.000000] Zone ranges:
[    0.000000]   DMA      [mem 0x0000000000001000-0x0000000000ffffff]
[    0.000000]   DMA32    [mem 0x0000000001000000-0x000000001ffeffff]
[    0.000000]   Normal   empty
[    0.000000]   Device   empty
[    0.000000] Movable zone start for each node
[    0.000000] Early memory node ranges
[    0.000000]   node   0: [mem 0x0000000000001000-0x000000000009efff]
[    0.000000]   node   0: [mem 0x0000000000100000-0x000000001ffeffff]
[    0.000000] Reserved but unavailable: 98 pages
[    0.000000] Initmem setup node 0 [mem 0x0000000000001000-0x000000001ffeffff]
[    0.000000] ACPI: PM-Timer IO Port: 0x4008
[    0.000000] IOAPIC[0]: apic_id 1, version 32, address 0xfec00000, GSI 0-23
[    0.000000] ACPI: INT_SRC_OVR (bus 0 bus_irq 0 global_irq 2 dfl dfl)
[    0.000000] ACPI: INT_SRC_OVR (bus 0 bus_irq 9 global_irq 9 low level)
[    0.000000] Using ACPI (MADT) for SMP configuration information
[    0.000000] smpboot: Allowing 1 CPUs, 0 hotplug CPUs
[    0.000000] PM: Registered nosave memory: [mem 0x00000000-0x00000fff]
[    0.000000] PM: Registered nosave memory: [mem 0x0009f000-0x0009ffff]
[    0.000000] PM: Registered nosave memory: [mem 0x000a0000-0x000effff]
[    0.000000] PM: Registered nosave memory: [mem 0x000f0000-0x000fffff]
[    0.000000] e820: [mem 0x20000000-0xfebfffff] available for PCI devices
[    0.000000] Booting paravirtualized kernel on KVM
[    0.000000] clocksource: refined-jiffies: mask: 0xffffffff max_cycles: 0xffffffff, max_idle_ns: 7645519600211568 ns
[    0.000000] random: get_random_bytes called from start_kernel+0x99/0x4fd with crng_init=0
[    0.000000] setup_percpu: NR_CPUS:8192 nr_cpumask_bits:1 nr_cpu_ids:1 nr_node_ids:1
[    0.000000] percpu: Embedded 45 pages/cpu s147456 r8192 d28672 u2097152
[    0.000000] PV qspinlock hash table entries: 256 (order: 0, 4096 bytes)
[    0.000000] Built 1 zonelists, mobility grouping on.  Total pages: 128889
[    0.000000] Policy zone: DMA32
[    0.000000] Kernel command line: BOOT_IMAGE=/boot/vmlinuz-4.15.0-74-generic root=LABEL=cloudimg-rootfs ro console=tty1 console=ttyS0
[    0.000000] Memory: 467156K/523832K available (12300K kernel code, 2481K rwdata, 4260K rodata, 2428K init, 2704K bss, 56676K reserved, 0K cma-reserved)
[    0.000000] SLUB: HWalign=64, Order=0-3, MinObjects=0, CPUs=1, Nodes=1
[    0.000000] Kernel/User page tables isolation: enabled
[    0.000000] ftrace: allocating 39322 entries in 154 pages
[    0.004000] Hierarchical RCU implementation.
[    0.004000] 	RCU restricting CPUs from NR_CPUS=8192 to nr_cpu_ids=1.
[    0.004000] 	Tasks RCU enabled.
[    0.004000] RCU: Adjusting geometry for rcu_fanout_leaf=16, nr_cpu_ids=1
[    0.004000] NR_IRQS: 524544, nr_irqs: 256, preallocated irqs: 16
[    0.004000] Console: colour VGA+ 80x25
[    0.004000] console [tty1] enabled
[    0.004000] console [ttyS0] enabled
[    0.004000] ACPI: Core revision 20170831
[    0.004000] ACPI: 2 ACPI AML tables successfully acquired and loaded
[    0.004000] APIC: Switch to symmetric I/O mode setup
[    0.004000] x2apic enabled
[    0.004000] Switched APIC routing to physical x2apic.
[    0.004000] ..TIMER: vector=0x30 apic1=0 pin1=2 apic2=-1 pin2=-1
[    0.004000] tsc: Detected 2399.998 MHz processor
[    0.004017] Calibrating delay loop (skipped) preset value.. 4799.99 BogoMIPS (lpj=9599992)
[    0.005518] pid_max: default: 32768 minimum: 301
[    0.006395] Security Framework initialized
[    0.007230] Yama: becoming mindful.
[    0.008030] AppArmor: AppArmor initialized
[    0.008972] Dentry cache hash table entries: 65536 (order: 7, 524288 bytes)
[    0.010262] Inode-cache hash table entries: 32768 (order: 6, 262144 bytes)
[    0.011749] Mount-cache hash table entries: 1024 (order: 1, 8192 bytes)
[    0.012012] Mountpoint-cache hash table entries: 1024 (order: 1, 8192 bytes)
[    0.014155] process: using mwait in idle threads
[    0.016009] Last level iTLB entries: 4KB 64, 2MB 8, 4MB 8
[    0.017323] Last level dTLB entries: 4KB 64, 2MB 0, 4MB 0, 1GB 4
[    0.018882] Spectre V1 : Mitigation: usercopy/swapgs barriers and __user pointer sanitization
[    0.020005] Spectre V2 : Mitigation: Full generic retpoline
[    0.021365] Spectre V2 : Spectre v2 / SpectreRSB mitigation: Filling RSB on context switch
[    0.024007] Speculative Store Bypass: Vulnerable
[    0.025134] MDS: Vulnerable: Clear CPU buffers attempted, no microcode
[    0.042742] Freeing SMP alternatives memory: 36K
[    0.156855] smpboot: CPU0: Intel(R) Core(TM) i3-7100U CPU @ 2.40GHz (family: 0x6, model: 0x8e, stepping: 0x9)
[    0.158758] Performance Events: unsupported p6 CPU model 142 no PMU driver, software events only.
[    0.160000] Hierarchical SRCU implementation.
[    0.160685] NMI watchdog: Perf event create on CPU 0 failed with -2
[    0.161758] NMI watchdog: Perf NMI watchdog permanently disabled
[    0.162997] smp: Bringing up secondary CPUs ...
[    0.163796] smp: Brought up 1 node, 1 CPU
[    0.164003] smpboot: Max logical packages: 1
[    0.164758] smpboot: Total of 1 processors activated (4799.99 BogoMIPS)
[    0.165979] devtmpfs: initialized
[    0.166687] x86/mm: Memory block size: 128MB
[    0.168131] evm: security.selinux
[    0.168763] evm: security.SMACK64
[    0.169387] evm: security.SMACK64EXEC
[    0.170065] evm: security.SMACK64TRANSMUTE
[    0.170828] evm: security.SMACK64MMAP
[    0.171507] evm: security.apparmor
[    0.172004] evm: security.ima
[    0.172572] evm: security.capability
[    0.173344] clocksource: jiffies: mask: 0xffffffff max_cycles: 0xffffffff, max_idle_ns: 7645041785100000 ns
[    0.175039] futex hash table entries: 256 (order: 2, 16384 bytes)
[    0.176049] pinctrl core: initialized pinctrl subsystem
[    0.177056] RTC time: 12:39:29, date: 01/25/20
[    0.177936] NET: Registered protocol family 16
[    0.178828] audit: initializing netlink subsys (disabled)
[    0.180128] cpuidle: using governor ladder
[    0.180883] cpuidle: using governor menu
[    0.181640] ACPI: bus type PCI registered
[    0.182372] acpiphp: ACPI Hot Plug PCI Controller Driver version: 0.5
[    0.183583] PCI: Using configuration type 1 for base access
[    0.184031] audit: type=2000 audit(1579955976.261:1): state=initialized audit_enabled=0 res=1
[    0.186684] HugeTLB registered 2.00 MiB page size, pre-allocated 0 pages
[    0.188171] ACPI: Added _OSI(Module Device)
[    0.188932] ACPI: Added _OSI(Processor Device)
[    0.189715] ACPI: Added _OSI(3.0 _SCP Extensions)
[    0.190557] ACPI: Added _OSI(Processor Aggregator Device)
[    0.192012] ACPI: Added _OSI(Linux-Dell-Video)
[    0.192802] ACPI: Added _OSI(Linux-Lenovo-NV-HDMI-Audio)
[    0.193725] ACPI: Added _OSI(Linux-HPI-Hybrid-Graphics)
[    0.194938] ACPI: Executed 1 blocks of module-level executable AML code
[    0.199678] ACPI: Interpreter enabled
[    0.200014] ACPI: (supports S0 S5)
[    0.200644] ACPI: Using IOAPIC for interrupt routing
[    0.201760] PCI: Using host bridge windows from ACPI; if necessary, use "pci=nocrs" and report a bug
[    0.203606] ACPI: Enabled 2 GPEs in block 00 to 07
[    0.211248] ACPI: PCI Root Bridge [PCI0] (domain 0000 [bus 00-ff])
[    0.212008] acpi PNP0A03:00: _OSC: OS supports [ASPM ClockPM Segments MSI]
[    0.213704] acpi PNP0A03:00: _OSC: not requesting OS control; OS requires [ExtendedConfig ASPM ClockPM MSI]
[    0.215389] acpi PNP0A03:00: fail to add MMCONFIG information, can't access extended PCI configuration space under this bridge.
[    0.216349] PCI host bridge to bus 0000:00
[    0.217103] pci_bus 0000:00: root bus resource [io  0x0000-0x0cf7 window]
[    0.218248] pci_bus 0000:00: root bus resource [io  0x0d00-0xffff window]
[    0.220004] pci_bus 0000:00: root bus resource [mem 0x000a0000-0x000bffff window]
[    0.221321] pci_bus 0000:00: root bus resource [mem 0x20000000-0xfdffffff window]
[    0.222621] pci_bus 0000:00: root bus resource [bus 00-ff]
[    0.225963] pci 0000:00:01.1: legacy IDE quirk: reg 0x10: [io  0x01f0-0x01f7]
[    0.227176] pci 0000:00:01.1: legacy IDE quirk: reg 0x14: [io  0x03f6]
[    0.228003] pci 0000:00:01.1: legacy IDE quirk: reg 0x18: [io  0x0170-0x0177]
[    0.229207] pci 0000:00:01.1: legacy IDE quirk: reg 0x1c: [io  0x0376]
[    0.242939] pci 0000:00:07.0: quirk: [io  0x4000-0x403f] claimed by PIIX4 ACPI
[    0.244012] pci 0000:00:07.0: quirk: [io  0x4100-0x410f] claimed by PIIX4 SMB
[    0.250568] ACPI: PCI Interrupt Link [LNKA] (IRQs 5 9 10 *11)
[    0.252032] ACPI: PCI Interrupt Link [LNKB] (IRQs 5 9 *10 11)
[    0.253148] ACPI: PCI Interrupt Link [LNKC] (IRQs 5 *9 10 11)
[    0.254332] ACPI: PCI Interrupt Link [LNKD] (IRQs 5 9 10 *11)
[    0.255745] SCSI subsystem initialized
[    0.256114] pci 0000:00:02.0: vgaarb: setting as boot VGA device
[    0.257152] pci 0000:00:02.0: vgaarb: VGA device added: decodes=io+mem,owns=io+mem,locks=none
[    0.258642] pci 0000:00:02.0: vgaarb: bridge control possible
[    0.259620] vgaarb: loaded
[    0.260034] ACPI: bus type USB registered
[    0.260776] usbcore: registered new interface driver usbfs
[    0.261723] usbcore: registered new interface driver hub
[    0.262680] usbcore: registered new device driver usb
[    0.263629] EDAC MC: Ver: 3.0.0
[    0.264272] PCI: Using ACPI for IRQ routing
[    0.265303] NetLabel: Initializing
[    0.265951] NetLabel:  domain hash size = 128
[    0.266743] NetLabel:  protocols = UNLABELED CIPSOv4 CALIPSO
[    0.268026] NetLabel:  unlabeled traffic allowed by default
[    0.269114] clocksource: Switched to clocksource kvm-clock
[    0.284248] VFS: Disk quotas dquot_6.6.0
[    0.287404] VFS: Dquot-cache hash table entries: 512 (order 0, 4096 bytes)
[    0.289417] AppArmor: AppArmor Filesystem Enabled
[    0.290480] pnp: PnP ACPI init
[    0.292930] pnp: PnP ACPI: found 3 devices
[    0.300248] clocksource: acpi_pm: mask: 0xffffff max_cycles: 0xffffff, max_idle_ns: 2085701024 ns
[    0.302589] NET: Registered protocol family 2
[    0.303907] TCP established hash table entries: 4096 (order: 3, 32768 bytes)
[    0.305689] TCP bind hash table entries: 4096 (order: 4, 65536 bytes)
[    0.307259] TCP: Hash tables configured (established 4096 bind 4096)
[    0.308842] UDP hash table entries: 256 (order: 1, 8192 bytes)
[    0.310334] UDP-Lite hash table entries: 256 (order: 1, 8192 bytes)
[    0.311865] NET: Registered protocol family 1
[    0.313001] pci 0000:00:00.0: Limiting direct PCI/PCI transfers
[    0.314483] pci 0000:00:01.0: Activating ISA DMA hang workarounds
[    0.315906] pci 0000:00:02.0: Video device with shadowed ROM at [mem 0x000c0000-0x000dffff]
[    0.318237] Unpacking initramfs...
[    0.674866] Freeing initrd memory: 19208K
[    0.680002] clocksource: tsc: mask: 0xffffffffffffffff max_cycles: 0x229835b7123, max_idle_ns: 440795242976 ns
[    0.683927] platform rtc_cmos: registered platform RTC device (no PNP device found)
[    0.685736] Scanning for low memory corruption every 60 seconds
[    0.687287] Initialise system trusted keyrings
[    0.688108] Key type blacklist registered
[    0.688864] workingset: timestamp_bits=36 max_order=17 bucket_order=0
[    0.691051] zbud: loaded
[    0.692082] squashfs: version 4.0 (2009/01/31) Phillip Lougher
[    0.693265] fuse init (API version 7.26)
[    0.694738] Key type asymmetric registered
[    0.695480] Asymmetric key parser 'x509' registered
[    0.696378] Block layer SCSI generic (bsg) driver version 0.4 loaded (major 246)
[    0.697758] io scheduler noop registered
[    0.698466] io scheduler deadline registered
[    0.699251] io scheduler cfq registered (default)
[    0.700342] ACPI: AC Adapter [AC] (on-line)
[    0.701170] input: Power Button as /devices/LNXSYSTM:00/LNXPWRBN:00/input/input0
[    0.702538] ACPI: Power Button [PWRF]
[    0.703274] input: Sleep Button as /devices/LNXSYSTM:00/LNXSLPBN:00/input/input1
[    0.704637] ACPI: Sleep Button [SLPF]
[    0.705599] Serial: 8250/16550 driver, 32 ports, IRQ sharing enabled
 	
 !"#$%&'()*+,-./0123456789:;<=>?@ABCDEFGHIJKLMNOPQRSTUVWXYZ[\]^_`abcdefghijklmnopqrstuvwxyz{|}~‚ƒ„…†‡ˆ‰Š‹ŒŽ‘’“”•–—˜™š›œžŸ ¡¢£¤¥¦§¨©ª«¬­®¯°±²³´µ¶·¸¹º»¼½¾¿ÀÁÂÃÄÅÆÇÈÉÊËÌÍÎÏÐÑÒÓÔÕÖ×ØÙÚÛÜÝÞßàáâãäåæçèéêëìíîïðñòóôõö÷øùúûüýþÿ[    0.729881] 00:02: ttyS0 at I/O 0x3f8 (irq = 4, base_baud = 115200) is a 16550A
[    0.732659] Linux agpgart interface v0.103
[    0.735227] loop: module loaded
[    0.736332] scsi host0: ata_piix
[    0.737010] scsi host1: ata_piix
[    0.737658] ata1: PATA max UDMA/33 cmd 0x1f0 ctl 0x3f6 bmdma 0xd000 irq 14
[    0.738819] ata2: PATA max UDMA/33 cmd 0x170 ctl 0x376 bmdma 0xd008 irq 15
[    0.740357] libphy: Fixed MDIO Bus: probed
[    0.741112] tun: Universal TUN/TAP device driver, 1.6
[    0.742280] PPP generic driver version 2.4.2
[    0.743093] ehci_hcd: USB 2.0 'Enhanced' Host Controller (EHCI) Driver
[    0.744057] ehci-pci: EHCI PCI platform driver
[    0.745044] ehci-platform: EHCI generic platform driver
[    0.745972] ohci_hcd: USB 1.1 'Open' Host Controller (OHCI) Driver
[    0.747042] ohci-pci: OHCI PCI platform driver
[    0.747843] ohci-platform: OHCI generic platform driver
[    0.748834] uhci_hcd: USB Universal Host Controller Interface driver
[    0.750044] i8042: PNP: PS/2 Controller [PNP0303:PS2K,PNP0f03:PS2M] at 0x60,0x64 irq 1,12
[    0.752065] serio: i8042 KBD port at 0x60,0x64 irq 1
[    0.753012] serio: i8042 AUX port at 0x60,0x64 irq 12
[    0.754005] mousedev: PS/2 mouse device common for all mice
[    0.755213] input: AT Translated Set 2 keyboard as /devices/platform/i8042/serio0/input/input2
[    0.757155] rtc_cmos rtc_cmos: rtc core: registered rtc_cmos as rtc0
[    0.758307] rtc_cmos rtc_cmos: alarms up to one day, 114 bytes nvram
[    0.759393] i2c /dev entries driver
[    0.760093] device-mapper: uevent: version 1.0.3
[    0.761022] device-mapper: ioctl: 4.37.0-ioctl (2017-09-20) initialised: dm-devel@redhat.com
[    0.762510] ledtrig-cpu: registered to indicate activity on CPUs
[    0.763640] intel_pmc_core:  initialized
[    0.764561] NET: Registered protocol family 10
[    0.768776] Segment Routing with IPv6
[    0.769539] NET: Registered protocol family 17
[    0.770433] Key type dns_resolver registered
[    0.771311] mce: Using 0 MCE banks
[    0.771959] RAS: Correctable Errors collector initialized.
[    0.772970] sched_clock: Marking stable (772943061, 0)->(964303479, -191360418)
[    0.774421] registered taskstats version 1
[    0.775182] Loading compiled-in X.509 certificates
[    0.778358] Loaded X.509 cert 'Build time autogenerated kernel key: 62d24f9c726e026b112735485dad6e6e4b50c923'
[    0.780079] zswap: loaded using pool lzo/zbud
[    0.783906] Key type big_key registered
[    0.784679] Key type trusted registered
[    0.786884] Key type encrypted registered
[    0.787636] AppArmor: AppArmor sha1 policy hashing enabled
[    0.788637] ima: No TPM chip found, activating TPM-bypass! (rc=-19)
[    0.789765] ima: Allocated hash algorithm: sha1
[    0.790622] evm: HMAC attrs: 0x1
[    0.791445]   Magic number: 4:253:684
[    0.792151] mem full: hash matches
[    0.792922] rtc_cmos rtc_cmos: setting system clock to 2020-01-25 12:39:30 UTC (1579955970)
[    0.794474] BIOS EDD facility v0.16 2004-Jun-25, 0 devices found
[    0.795521] EDD information not available.
[    0.913300] Freeing unused kernel image memory: 2428K
[    0.920128] Write protecting the kernel read-only data: 20480k
[    0.923034] Freeing unused kernel image memory: 2008K
[    0.925264] Freeing unused kernel image memory: 1884K
[    0.942248] x86/mm: Checked W+X mappings: passed, no W+X pages found.
[    0.974492] x86/mm: Checking user space page tables
[    0.989585] x86/mm: Checked W+X mappings: passed, no W+X pages found.
Loading, please wait...
starting version 237
[    1.125766] e1000: Intel(R) PRO/1000 Network Driver - version 7.3.21-k8-NAPI
[    1.127350] e1000: Copyright (c) 1999-2006 Intel Corporation.
[    1.131300] Fusion MPT base driver 3.04.20
[    1.132207] Copyright (c) 1999-2008 LSI Corporation
[    1.143638] Fusion MPT SPI Host driver 3.04.20
[    1.167665] AVX2 version of gcm_enc/dec engaged.
[    1.168769] AES CTR mode by8 optimization enabled
[    1.343996] input: ImExPS/2 Generic Explorer Mouse as /devices/platform/i8042/serio1/input/input4
[    1.552704] e1000 0000:00:03.0 eth0: (PCI:33MHz:32-bit) 02:6f:f9:1e:39:dc
[    1.554194] e1000 0000:00:03.0 eth0: Intel(R) PRO/1000 Network Connection
[    1.557802] e1000 0000:00:03.0 enp0s3: renamed from eth0
[    1.562011] mptbase: ioc0: Initiating bringup
[    1.656780] ioc0: LSI53C1030 A0: Capabilities={Initiator}
[    1.904784] scsi host2: ioc0: LSI53C1030 A0, FwRev=00000000h, Ports=1, MaxQ=256, IRQ=20
[    2.079826] scsi 2:0:0:0: Direct-Access     VBOX     HARDDISK         1.0  PQ: 0 ANSI: 5
[    2.084676] scsi target2:0:0: Beginning Domain Validation
[    2.090015] random: fast init done
[    2.091916] scsi target2:0:0: Domain Validation skipping write tests
[    2.095014] scsi target2:0:0: Ending Domain Validation
[    2.097674] scsi target2:0:0: asynchronous
[    2.100702] scsi 2:0:1:0: Direct-Access     VBOX     HARDDISK         1.0  PQ: 0 ANSI: 5
[    2.104260] scsi target2:0:1: Beginning Domain Validation
[    2.107691] scsi target2:0:1: Domain Validation skipping write tests
[    2.109445] scsi target2:0:1: Ending Domain Validation
[    2.110885] scsi target2:0:1: asynchronous
[    2.116256] random: systemd-udevd: uninitialized urandom read (16 bytes read)
[    2.117715] random: systemd-udevd: uninitialized urandom read (16 bytes read)
[    2.119015] random: systemd-udevd: uninitialized urandom read (16 bytes read)
[    2.120556] sd 2:0:0:0: [sda] 20971520 512-byte logical blocks: (10.7 GB/10.0 GiB)
[    2.122014] sd 2:0:0:0: [sda] Write Protect is off
[    2.122900] sd 2:0:0:0: Attached scsi generic sg0 type 0
[    2.123932] sd 2:0:0:0: [sda] Incomplete mode parameter data
[    2.124982] sd 2:0:0:0: [sda] Assuming drive cache: write through
[    2.127138] sd 2:0:1:0: Attached scsi generic sg1 type 0
[    2.128209] sd 2:0:1:0: [sdb] 20480 512-byte logical blocks: (10.5 MB/10.0 MiB)
[    2.129630] sd 2:0:1:0: [sdb] Write Protect is off
[    2.130816] sd 2:0:1:0: [sdb] Incomplete mode parameter data
[    2.131816] sd 2:0:1:0: [sdb] Assuming drive cache: write through
[    2.145036]  sda: sda1
[    2.147731] sd 2:0:0:0: [sda] Attached SCSI disk
[    2.149759] sd 2:0:1:0: [sdb] Attached SCSI disk
Begin: Loading essential drivers ... [    3.686935] raid6: sse2x1   gen()  5622 MB/s
[    3.740287] raid6: sse2x1   xor()  5172 MB/s
[    3.793123] raid6: sse2x2   gen()  9959 MB/s
[    3.850312] raid6: sse2x2   xor()  7860 MB/s
[    3.910317] raid6: sse2x4   gen() 12121 MB/s
[    3.970301] raid6: sse2x4   xor()  8174 MB/s
[    4.030318] raid6: avx2x1   gen() 18702 MB/s
[    4.090334] raid6: avx2x1   xor() 13283 MB/s
[    4.150288] raid6: avx2x2   gen() 22175 MB/s
[    4.210302] raid6: avx2x2   xor() 14308 MB/s
[    4.270286] raid6: avx2x4   gen() 25989 MB/s
[    4.330290] raid6: avx2x4   xor() 16116 MB/s
[    4.331109] raid6: using algorithm avx2x4 gen() 25989 MB/s
[    4.332092] raid6: .... xor() 16116 MB/s, rmw enabled
[    4.333007] raid6: using avx2x2 recovery algorithm
[    4.335860] xor: automatically using best checksumming function   avx       
[    4.339051] async_tx: api initialized (async)
done.
Begin: Running /scripts/init-premount ... done.
Begin: Mounting root file system ... Begin: Running /scripts/local-top ... done.
Begin: Running /scripts/local-premount ... [    4.405137] Btrfs loaded, crc32c=crc32c-intel
Scanning for Btrfs filesystems
done.
Warning: fsck not present, so skipping root file system
[    4.461695] EXT4-fs (sda1): mounted filesystem with ordered data mode. Opts: (null)
done.
Begin: Running /scripts/local-bottom ... done.
Begin: Running /scripts/init-bottom ... done.
[    4.745594] ip_tables: (C) 2000-2006 Netfilter Core Team
[    4.760867] systemd[1]: systemd 237 running in system mode. (+PAM +AUDIT +SELINUX +IMA +APPARMOR +SMACK +SYSVINIT +UTMP +LIBCRYPTSETUP +GCRYPT +GNUTLS +ACL +XZ +LZ4 +SECCOMP +BLKID +ELFUTILS +KMOD -IDN2 +IDN -PCRE2 default-hierarchy=hybrid)
[    4.766203] systemd[1]: Detected virtualization oracle.
[    4.767634] systemd[1]: Detected architecture x86-64.

Welcome to [1mUbuntu 18.04.3 LTS[0m!

[    4.792708] systemd[1]: Set hostname to <ubuntu>.
[    4.800091] systemd[1]: Initializing machine ID from random generator.
[    4.801512] systemd[1]: Installed transient /etc/machine-id file.
[    5.218556] systemd[1]: Created slice User and Session Slice.
[[0;32m  OK  [0m] Created slice User and Session Slice.
[    5.221204] systemd[1]: Set up automount Arbitrary Executable File Formats File System Automount Point.
[[0;32m  OK  [0m] Set up automount Arbitrary Executabâ€¦rmats File System Automount Point.
[    5.224680] systemd[1]: Started Forward Password Requests to Wall Directory Watch.
[[0;32m  OK  [0m] Started Forward Password Requests to Wall Directory Watch.
[    5.227652] systemd[1]: Reached target Swap.
[[0;32m  OK  [0m] Reached target Swap.
[[0;32m  OK  [0m] Reached target System Time Synchronized.
[[0;32m  OK  [0m] Created slice System Slice.
[[0;32m  OK  [0m] Listening on udev Kernel Socket.
[[0;32m  OK  [0m] Listening on /dev/initctl Compatibility Named Pipe.
[[0;32m  OK  [0m] Created slice system-serial\x2dgetty.slice.
[[0;32m  OK  [0m] Listening on udev Control Socket.
[[0;32m  OK  [0m] Listening on Network Service Netlink Socket.
[[0;32m  OK  [0m] Reached target Slices.
[[0;32m  OK  [0m] Listening on Journal Socket (/dev/log).
[[0;32m  OK  [0m] Listening on Journal Socket.
         Starting Uncomplicated firewall...
         Mounting POSIX Message Queue File System...
         Starting Set the console keyboard layout...
         Starting Create list of required stâ€¦ce nodes for the current kernel...
[[0;32m  OK  [0m] Listening on LVM2 poll daemon socket.
         Starting Load Kernel Modules...
         Starting Remount Root and Kernel File Systems...
         Mounting Kernel Debug File System...
[[0;32m  OK  [0m] Listening on Journal Audit Socket.
         Starting udev Coldplug all Devices...
[[0;32m  OK  [0m] Reached target User and Group Name Lookups.
[[0;32m  OK  [0m] Listening on Device-mapper event daemon FIFOs.
[[0;32m  OK  [0m] Listening on Syslog Socket.
         Starting Journal Service...
[[0;32m  OK  [0m] Listening on LVM2 metadata daemon socket.
[    5.294302] Loading iSCSI transport class v2.0-870.
         Starting Monitoring of LVM2 mirrorsâ€¦ng dmeventd or progress polling...
         Mounting Huge Pages File System...
[[0;32m  OK  [0m] Started Uncomplicated firewall.
[[0;32m  OK  [0m] Mounted POSIX Message Queue File System.
[[0;32m  OK  [0m] Started Create list of required staâ€¦vice nodes for the current kernel.
[[0;32m  OK  [0m] Mounted Kernel Debug File System.
[[0;32m  OK  [0m] Mounted Huge Pages File System.
         Starting Create Static Device Nodes in /dev...
[[0;32m  OK  [0m] Started LVM2 metadata daemon.
[    5.391161] iscsi: registered transport (tcp)
[[0;32m  OK  [0m] Started udev Coldplug all Devices.
[[0;32m  OK  [0m] Started Create Static Device Nodes in /dev.
[    5.442138] EXT4-fs (sda1): re-mounted. Opts: (null)
[[0;32m  OK  [0m] Started Remount Root and Kernel File Systems.
[    5.471997] iscsi: registered transport (iser)
         Starting udev Kernel Device Manager...
         Starting Load/Save Random Seed...
[[0;32m  OK  [0m] Started Load Kernel Modules.
         Mounting FUSE Control File System...
         Mounting Kernel Configuration File System...
         Starting Apply Kernel Variables...
[[0;32m  OK  [0m] Mounted FUSE Control File System.
[[0;32m  OK  [0m] Mounted Kernel Configuration File System.
[[0;32m  OK  [0m] Started Load/Save Random Seed.
[[0;32m  OK  [0m] Started Journal Service.
         Starting Flush Journal to Persistent Storage...
[[0;32m  OK  [0m] Started udev Kernel Device Manager.
[[0;32m  OK  [0m] Started Apply Kernel Variables.
[[0;32m  OK  [0m] Started Monitoring of LVM2 mirrors,â€¦sing dmeventd or progress polling.
[[0;32m  OK  [0m] Started Set the console keyboard layout.
[[0;32m  OK  [0m] Reached target Local File Systems (Pre).
[[0;32m  OK  [0m] Reached target Local File Systems.
         Starting ebtables ruleset management...
         Starting AppArmor initialization...
         Starting Commit a transient machine-id on disk...
         Starting Tell Plymouth To Write Out Runtime Data...
         Starting Set console font and keymap...
[[0;32m  OK  [0m] Started Dispatch Password Requests to Console Directory Watch.
[[0;32m  OK  [0m] Reached target Local Encrypted Volumes.
[[0;32m  OK  [0m] Started Flush Journal to Persistent Storage.
         Starting Create Volatile Files and Directories...
[[0;32m  OK  [0m] Started Tell Plymouth To Write Out Runtime Data.
[[0;32m  OK  [0m] Started Set console font and keymap.
[[0;32m  OK  [0m] Started Commit a transient machine-id on disk.
[[0;32m  OK  [0m] Started Create Volatile Files and Directories.
         Starting Update UTMP about System Boot/Shutdown...
[[0;32m  OK  [0m] Started Update UTMP about System Boot/Shutdown.
[[0;32m  OK  [0m] Started ebtables ruleset management.
[[0;32m  OK  [0m] Found device /dev/ttyS0.
[[0;32m  OK  [0m] Listening on Load/Save RF Kill Switch Status /dev/rfkill Watch.
[[0;32m  OK  [0m] Started AppArmor initialization.
         Starting Initial cloud-init job (pre-networking)...
[    9.713649] cloud-init[527]: Cloud-init v. 19.3-41-gc4735dd3-0ubuntu1~18.04.1 running 'init-local' at Sat, 25 Jan 2020 12:39:38 +0000. Up 9.11 seconds.
[[0;32m  OK  [0m] Started Initial cloud-init job (pre-networking).
[[0;32m  OK  [0m] Reached target Network (Pre).
         Starting Network Service...
[[0;32m  OK  [0m] Started Network Service.
         Starting Network Name Resolution...
         Starting Wait for Network to be Configured...
[[0;32m  OK  [0m] Started Network Name Resolution.
[[0;32m  OK  [0m] Reached target Network.
[[0;32m  OK  [0m] Reached target Host and Network Name Lookups.
[[0;32m  OK  [0m] Started Wait for Network to be Configured.
         Starting Initial cloud-init job (metadata service crawler)...
[   12.756066] cloud-init[625]: Cloud-init v. 19.3-41-gc4735dd3-0ubuntu1~18.04.1 running 'init' at Sat, 25 Jan 2020 12:39:42 +0000. Up 12.54 seconds.
[   12.758678] cloud-init[625]: ci-info: ++++++++++++++++++++++++++++++++++++++Net device info++++++++++++++++++++++++++++++++++++++
[   12.764633] cloud-init[625]: ci-info: +--------+------+----------------------------+---------------+--------+-------------------+
[   12.766974] cloud-init[625]: ci-info: | Device |  Up  |          Address           |      Mask     | Scope  |     Hw-Address    |
[   12.770960] cloud-init[625]: ci-info: +--------+------+----------------------------+---------------+--------+-------------------+
[   12.772925] cloud-init[625]: ci-info: | enp0s3 | True |         10.0.2.15          | 255.255.255.0 | global | 02:6f:f9:1e:39:dc |
[   12.775742] cloud-init[625]: ci-info: | enp0s3 | True | fe80::6f:f9ff:fe1e:39dc/64 |       .       |  link  | 02:6f:f9:1e:39:dc |
[   12.777854] cloud-init[625]: ci-info: |   lo   | True |         127.0.0.1          |   255.0.0.0   |  host  |         .         |
[   12.779526] cloud-init[625]: ci-info: |   lo   | True |          ::1/128           |       .       |  host  |         .         |
[   12.781624] cloud-init[625]: ci-info: +--------+------+----------------------------+---------------+--------+-------------------+
[   12.783559] cloud-init[625]: ci-info: ++++++++++++++++++++++++++++Route IPv4 info+++++++++++++++++++++++++++++
[   12.786776] cloud-init[625]: ci-info: +-------+-------------+----------+-----------------+-----------+-------+
[   12.789888] cloud-init[625]: ci-info: | Route | Destination | Gateway  |     Genmask     | Interface | Flags |
[   12.792419] cloud-init[625]: ci-info: +-------+-------------+----------+-----------------+-----------+-------+
[   12.793959] cloud-init[625]: ci-info: |   0   |   0.0.0.0   | 10.0.2.2 |     0.0.0.0     |   enp0s3  |   UG  |
[   12.796478] cloud-init[625]: ci-info: |   1   |   10.0.2.0  | 0.0.0.0  |  255.255.255.0  |   enp0s3  |   U   |
[   12.800207] cloud-init[625]: ci-info: |   2   |   10.0.2.2  | 0.0.0.0  | 255.255.255.255 |   enp0s3  |   UH  |
[   12.803982] cloud-init[625]: ci-info: +-------+-------------+----------+-----------------+-----------+-------+
[   12.809379] cloud-init[625]: ci-info: +++++++++++++++++++Route IPv6 info+++++++++++++++++++
[   12.812720] cloud-init[625]: ci-info: +-------+-------------+---------+-----------+-------+
[   12.815836] cloud-init[625]: ci-info: | Route | Destination | Gateway | Interface | Flags |
[   12.820307] cloud-init[625]: ci-info: +-------+-------------+---------+-----------+-------+
[   12.824228] cloud-init[625]: ci-info: |   1   |  fe80::/64  |    ::   |   enp0s3  |   U   |
[   12.825914] cloud-init[625]: ci-info: |   3   |    local    |    ::   |   enp0s3  |   U   |
[   12.827326] cloud-init[625]: ci-info: |   4   |   ff00::/8  |    ::   |   enp0s3  |   U   |
[   12.828753] cloud-init[625]: ci-info: +-------+-------------+---------+-----------+-------+
[   13.658051] cloud-init[625]: Generating public/private rsa key pair.
[   13.659255] cloud-init[625]: Your identification has been saved in /etc/ssh/ssh_host_rsa_key.
[   13.660635] cloud-init[625]: Your public key has been saved in /etc/ssh/ssh_host_rsa_key.pub.
[   13.664168] cloud-init[625]: The key fingerprint is:
[   13.664910] cloud-init[625]: SHA256:yLLmN8sLEzOjPBtAWBJPUog/9fyyqEiabw0JwstwcmU root@ubuntu-bionic
[   13.668199] cloud-init[625]: The key's randomart image is:
[   13.669390] cloud-init[625]: +---[RSA 2048]----+
[   13.672262] cloud-init[625]: |=++              |
[   13.673006] cloud-init[625]: |+*  E            |
[   13.673830] cloud-init[625]: |oo.+ o           |
[   13.674821] cloud-init[625]: |*.=  .o.         |
[   13.680564] cloud-init[625]: |==.o* o.S        |
[   13.681761] cloud-init[625]: | =o. B. .        |
[   13.682945] cloud-init[625]: | .=o=. o         |
[   13.683694] cloud-init[625]: |oo.*o++          |
[   13.684490] cloud-init[625]: |+o+...++         |
[   13.688305] cloud-init[625]: +----[SHA256]-----+
[   13.700594] cloud-init[625]: Generating public/private dsa key pair.
[   13.702362] cloud-init[625]: Your identification has been saved in /etc/ssh/ssh_host_dsa_key.
[   13.707871] cloud-init[625]: Your public key has been saved in /etc/ssh/ssh_host_dsa_key.pub.
[   13.709574] cloud-init[625]: The key fingerprint is:
[   13.712309] cloud-init[625]: SHA256:JSmqDr04OjisVa3CHEAr50DYaKPl25fnXwfE4/0GZ5w root@ubuntu-bionic
[   13.716248] cloud-init[625]: The key's randomart image is:
[   13.717482] cloud-init[625]: +---[DSA 1024]----+
[   13.720277] cloud-init[625]: |.=               |
[   13.724327] cloud-init[625]: |=o+      . .     |
[   13.725553] cloud-init[625]: |*+o   . o . +    |
[   13.726629] cloud-init[625]: |o=.  o . o o o ..|
[   13.740605] cloud-init[625]: |  ooo ..S   o oE+|
[   13.741701] cloud-init[625]: | +.+..o .    . = |
[   13.742753] cloud-init[625]: |+ B .. o    . . o|
[   13.743790] cloud-init[625]: |=* o    .  . . . |
[   13.744858] cloud-init[625]: |*+o      ..      |
[   13.745743] cloud-init[625]: +----[SHA256]-----+
[   13.746756] cloud-init[625]: Generating public/private ecdsa key pair.
[   13.748016] cloud-init[625]: Your identification has been saved in /etc/ssh/ssh_host_ecdsa_key.
[   13.752254] cloud-init[625]: Your public key has been saved in /etc/ssh/ssh_host_ecdsa_key.pub.
[   13.753766] cloud-init[625]: The key fingerprint is:
[   13.756526] cloud-init[625]: SHA256:pB/HlPPOaZWONEGi0M7XfsCeinR8aKQzJtWbPhP4j8Q root@ubuntu-bionic
[   13.760281] cloud-init[625]: The key's randomart image is:
[   13.761431] cloud-init[625]: +---[ECDSA 256]---+
[   13.762495] cloud-init[625]: |      ..  . .    |
[   13.764198] cloud-init[625]: |       ... +     |
[   13.768299] cloud-init[625]: |       oo.+o.    |
[[0;32m  OK  [0m] Started Initial cloud-init job (metadata service crawler).
[   13.783533] cloud-init[625]: |       o+o+o+. . |
[   13.784786] cloud-init[625]: |      ..S*o*+oo  |
[[0;32m  OK  [0m] Reached target Cloud-config availability.
[   13.786782] cloud-init[625]: |      ..B+O+=*.  |
[[0;32m  OK  [0m] Reached target System Initialization.
[[0;32m  OK  [0m] Listening on Open-iSCSI iscsid Socket.
[   13.788213] cloud-init[625]: |       +.OE+*..  |
[[0;32m  OK  [0m] Started Daily Cleanup of Temporary Directories.
[   13.791781] cloud-init         Starting LXD - unix socket.
[[0;32m  OK  [0m] Listening on ACPID Listen Socket.
[[0;32m  OK  [0m] Listening on D-Bus System Message Bus Socket.
[625]: |        ..*o     |
[[0;32m  OK  [0m] Started ACPI Events Check.
[[0;32m  OK  [0m] Started Daily apt download activities.
[[0;32m  OK  [0m] Started Daily apt upgrade and clean activities.
[[0;32m  OK  [0m] Started Discard unused blocks once a week.
[   13.805659] cloud-init[625]: |          .+.    |
         Starting Socket activation for snappy daemon.
[   13.825883] cloud-init[625]: +----[SHA256]-----+
[   13.826820] cloud-init[625]: Generating public/private ed25519 key pair.
[[0;32m  OK  [0m] Started Message of the Day.
[[0;32m  OK  [0m] Reached target Timers.
[   13.829530] cloud-init[625]: Your identification has been saved in /etc/ssh/ssh_host_ed25519_key.
[[0;32m  OK  [0m] Listening on UUID daemon activation socket.
[[0;32m  OK  [0m] Reached target Paths.
[[0;32m  OK  [0m] Reached target Network is Online.
[   13.839928] cloud-init[625]: Your public key has been saved in /etc/ssh/ssh_host_ed25519_key.pub.
         Starting Availability of block devices...
[[0;32m  OK  [0m] Reached target Remote File Systems (Pre).
[[0;32m  OK  [0m] Reached target Remote File Systems.
[[0;32m  OK  [0m[   13.851257] cloud-init] Listening on LXD - unix socket.
[[0;32m  OK  [0m] Listening on Socket activation for snappy daemon.
[625]: The key fingerprint is:
[   13.855394] cloud-init[625]: SHA256:vQH/wuzdik/sDXoZg/VKkWaUzoJcTWpsgpiZB0ug42g root@ubuntu-bionic
[   13.856819] cloud-init[625]: The key's randomart image is:
[[0;32m  OK  [0m] Started Availability of block devices.
[   13.858733] cloud-init[625]: +--[ED25519 256]--+
[   13.860699] cloud-init[625]: |  ..o      o..   |
[[0;32m  OK  [0m] Reached target Sockets.
[[0;32m  OK  [0m] Reached target Basic System.
[[0;32m  OK  [0m] Started Deferred execution scheduler.
[   13.868819] cloud-init[625]: | . . B . ...+    |
[   13.871745] cloud-init[625]: |o   * o.oo=+ .   |
[   13.873476] cloud-init[625]: |o.   .  oB. O    |
[[0;32m  OK  [0m] Started irqbalance daemon.
         Starting Virtualbox guest utils...
[   13.886947] cloud-init[625]: |.E      S +* o   |
         [   13.897832] cloud-init[625]: |.        o.=+ .  |
[   13.898798] cloud-init[625]: |          =.==   |
[   13.899786] cloud-initStarting Permit User Sessions...
[625]: |         . B++   |
[   13.905976] cloud-init[625]: |          +o=.o  |
[   13.908182] cloud-init[625]: +----[SHA256]-----+
[[0;32m  OK  [0m] Started Regular background program processing daemon.
         Starting LXD - container startup/shutdown...
         Starting Login Service...
         Starting Dispatcher daemon for systemd-networkd...
[[0;32m  OK  [0m] Started D-Bus System Message Bus.
[[0;32m  OK  [0m] Started Login Service.
[[0;32m  OK  [0m] Started Unattended Upgrades Shutdown.
[[0;32m  OK  [0m] Started FUSE filesystem for LXC.
         Starting Accounts Service...
         Starting Pollinate to seed the pseudo random number generator...
         Starting LSB: Record successful boot for GRUB...
         Starting Snappy daemon...
         Starting System Logging Service...
         Starting LSB: automatic crash report generation...
[[0;32m  OK  [0m] Started Permit User Sessions.
         Starting Terminate Plymouth Boot Screen...
         Starting Hold until boot process finishes up...
[[0;32m  OK  [0m] Started Hold until boot process finishes up.
         Starting Set console scheme...
[[0;32m  OK  [0m] Started Serial Getty on ttyS0.
[[0;32m  OK  [0m] Started Terminate Plymouth Boot Screen.
[[0;32m  OK  [0m] Started System Logging Service.
[[0;32m  OK  [0m] Started LXD - container startup/shutdown.
[[0;32m  OK  [0m] Started Set console scheme.
[[0;32m  OK  [0m] Created slice system-getty.slice.
[[0;32m  OK  [0m] Started Getty on tty1.
[[0;32m  OK  [0m] Reached target Login Prompts.
         Starting Authorization Manager...
[[0;32m  OK  [0m] Started LSB: automatic crash report generation.
[[0;32m  OK  [0m] Started LSB: Record successful boot for GRUB.
[[0;32m  OK  [0m] Started Virtualbox guest utils.
[[0;32m  OK  [0m] Started Authorization Manager.
[[0;32m  OK  [0m] Started Accounts Service.
[[0;32m  OK  [0m] Started Dispatcher daemon for systemd-networkd.
[[0;32m  OK  [0m] Started Snappy daemon.
         Starting Wait until snapd is fully seeded...
[[0;32m  OK  [0m] Started Wait until snapd is fully seeded.
         Starting Apply the settings specified in cloud-config...
[[0;32m  OK  [0m] Started Pollinate to seed the pseudo random number generator.
         Starting OpenBSD Secure Shell server...
[[0;32m  OK  [0m] Started OpenBSD Secure Shell server.
[[0;32m  OK  [0m] Reached target Multi-User System.
[[0;32m  OK  [0m] Reached target Graphical Interface.
         Starting Update UTMP about System Runlevel Changes...
[[0;32m  OK  [0m] Started Update UTMP about System Runlevel Changes.
[[0;32m  OK  [0m] Created slice User Slice of vagrant.
         Starting User Manager for UID 1000...
[[0;32m  OK  [0m] Started Session 1 of user vagrant.
[[0;32m  OK  [0m] Started User Manager for UID 1000.

Ubuntu 18.04.3 LTS ubuntu-bionic ttyS0

ubuntu-bionic login: [   21.482415] cloud-init[994]: Cloud-init v. 19.3-41-gc4735dd3-0ubuntu1~18.04.1 running 'modules:config' at Sat, 25 Jan 2020 12:39:48 +0000. Up 18.42 seconds.
ci-info: no authorized ssh keys fingerprints found for user ubuntu.
<14>Jan 25 12:39:52 ec2: 
<14>Jan 25 12:39:52 ec2: #############################################################
<14>Jan 25 12:39:52 ec2: -----BEGIN SSH HOST KEY FINGERPRINTS-----
<14>Jan 25 12:39:52 ec2: 1024 SHA256:JSmqDr04OjisVa3CHEAr50DYaKPl25fnXwfE4/0GZ5w root@ubuntu-bionic (DSA)
<14>Jan 25 12:39:52 ec2: 256 SHA256:pB/HlPPOaZWONEGi0M7XfsCeinR8aKQzJtWbPhP4j8Q root@ubuntu-bionic (ECDSA)
<14>Jan 25 12:39:52 ec2: 256 SHA256:vQH/wuzdik/sDXoZg/VKkWaUzoJcTWpsgpiZB0ug42g root@ubuntu-bionic (ED25519)
<14>Jan 25 12:39:52 ec2: 2048 SHA256:yLLmN8sLEzOjPBtAWBJPUog/9fyyqEiabw0JwstwcmU root@ubuntu-bionic (RSA)
<14>Jan 25 12:39:52 ec2: -----END SSH HOST KEY FINGERPRINTS-----
<14>Jan 25 12:39:52 ec2: #############################################################
-----BEGIN SSH HOST KEY KEYS-----
ecdsa-sha2-nistp256 AAAAE2VjZHNhLXNoYTItbmlzdHAyNTYAAAAIbmlzdHAyNTYAAABBBMeTL8oftYE8Aq4hE77ozqLBqBbCVGUYCHGrmIIJ2S1j8i7D6HlZQHSEf8EKniKDMniWjzGJTI4oauXC84NSROo= root@ubuntu-bionic
ssh-ed25519 AAAAC3NzaC1lZDI1NTE5AAAAILNHPu+PnuMO4jikK/xdWah/xo3I2QrtyHeYBjlU19OK root@ubuntu-bionic
ssh-rsa AAAAB3NzaC1yc2EAAAADAQABAAABAQDAmJ+DtHxEjks8i0pbO2ILnXyuXq0a8fU5hXMfxbA/FQcI0XWGcCGundeRZ4xUwZ6mV1gKYprGSp/oFi7okfdr5GLt0hpqxD5TT42EBgsaNTqyAFkqNuIQEtmslOaVUI5vOKaZE9WW0P3K8G+N7/AKOcz1R54VXScm8FUEWyVJvfYHviX43PljeLLcOUT92KL3tdAXCFIrK3DGvVu/YJpSg65v0qUuaeitQlRQt6R/oYubRYTe6IcFVAhqDScjLmXHiBbdDGZlYUvUt0QuV+ZtyGGX8WASeLi8rMxqNtlYvGkRVaUBzNMffSnknvshctchsx6QP3+wbXWSNh1+Pbfl root@ubuntu-bionic
-----END SSH HOST KEY KEYS-----
[   23.009822] cloud-init[1150]: Cloud-init v. 19.3-41-gc4735dd3-0ubuntu1~18.04.1 running 'modules:final' at Sat, 25 Jan 2020 12:39:52 +0000. Up 22.59 seconds.
[   23.017206] cloud-init[1150]: ci-info: no authorized ssh keys fingerprints found for user ubuntu.
[   23.024151] cloud-init[1150]: Cloud-init v. 19.3-41-gc4735dd3-0ubuntu1~18.04.1 finished at Sat, 25 Jan 2020 12:39:52 +0000. Datasource DataSourceNoCloud [seed=/dev/sdb][dsmode=net].  Up 22.97 seconds
